---
source: crates/papur-core/tests/acceptance.rs
expression: tree
---
StructureTree {
    nodes: [
        FencedDiv {
            attrs: Attributes {
                element: None,
                roles: [
                    RoleRef {
                        namespace: Auto,
                        name: "grid",
                    },
                ],
                id: None,
                attrs: {
                    "cols": "3",
                },
            },
            fence_depth: 0,
            children: [
                Heading {
                    level: 3,
                    text: "Fast",
                    attrs: Attributes {
                        element: None,
                        roles: [
                            RoleRef {
                                namespace: Auto,
                                name: "carda",
                            },
                        ],
                        id: None,
                        attrs: {},
                    },
                    opens_scope: true,
                    fence_depth: 1,
                    children: [
                        Prose {
                            text: "Content.\n",
                            span: Span {
                                start_line: 3,
                                start_col: 1,
                                start_byte: 35,
                                end_byte: 44,
                            },
                        },
                        FencedDiv {
                            attrs: Attributes {
                                element: None,
                                roles: [
                                    RoleRef {
                                        namespace: Auto,
                                        name: "grid",
                                    },
                                ],
                                id: None,
                                attrs: {
                                    "cols": "2",
                                },
                            },
                            fence_depth: 1,
                            children: [
                                Prose {
                                    text: "  Still in .carda.\n",
                                    span: Span {
                                        start_line: 6,
                                        start_col: 1,
                                        start_byte: 64,
                                        end_byte: 83,
                                    },
                                },
                                Heading {
                                    level: 4,
                                    text: "Smaller",
                                    attrs: Attributes {
                                        element: None,
                                        roles: [
                                            RoleRef {
                                                namespace: Auto,
                                                name: "card1",
                                            },
                                        ],
                                        id: None,
                                        attrs: {},
                                    },
                                    opens_scope: true,
                                    fence_depth: 2,
                                    children: [
                                        Prose {
                                            text: "  In .carda > .card1.",
                                            span: Span {
                                                start_line: 9,
                                                start_col: 1,
                                                start_byte: 108,
                                                end_byte: 129,
                                            },
                                        },
                                    ],
                                    span: Span {
                                        start_line: 8,
                                        start_col: 1,
                                        start_byte: 84,
                                        end_byte: 107,
                                    },
                                },
                            ],
                            span: Span {
                                start_line: 5,
                                start_col: 1,
                                start_byte: 45,
                                end_byte: 63,
                            },
                        },
                    ],
                    span: Span {
                        start_line: 2,
                        start_col: 1,
                        start_byte: 17,
                        end_byte: 34,
                    },
                },
            ],
            span: Span {
                start_line: 1,
                start_col: 1,
                start_byte: 0,
                end_byte: 16,
            },
        },
    ],
    mode: Strict,
}
